// Jest Snapshot v1, https://goo.gl/fbAQLP

exports[`Pruebas en <FirstApp> Debe de hacer match con el snapshot 1`] = `
<div>
  <div
    data-testid="test-title"
  >
     
    Hola, Soy Jesus
     
  </div>
  <p>
    No hay subtítulo
  </p>
  <p>
    No hay subtítulo
  </p>
  <p>
    Jesus Sanchez
  </p>
</div>
`;
